// Jest Snapshot v1, https://goo.gl/fbAQLP

exports[`inline loader should inline html/js/css: module (evaluated) 1`] = `
"<!DOCTYPE html><html><head>
    <meta http-equiv=\\"X-UA-Compatible\\" content=\\"IE=edge\\">
<meta charset=\\"utf-8\\">
<meta name=\\"format-detection\\" content=\\"telephone=no\\">
<meta name=\\"viewport\\" content=\\"width=device-width,initial-scale=1.0,maximum-scale=1.0,user-scalable=no\\">

    <title>imt application</title>
    <style type=\\"text/css\\">body{
  background:red;
}</style>
    <script>\\"use strict\\";

console.log('inline');</script>
  </head>
  <body>

</body></html>"
`;

exports[`inline loader should inline html/js/css: module 1`] = `"module.exports = \\"<!DOCTYPE html><html><head>\\\\n    <meta http-equiv=\\\\\\"X-UA-Compatible\\\\\\" content=\\\\\\"IE=edge\\\\\\">\\\\n<meta charset=\\\\\\"utf-8\\\\\\">\\\\n<meta name=\\\\\\"format-detection\\\\\\" content=\\\\\\"telephone=no\\\\\\">\\\\n<meta name=\\\\\\"viewport\\\\\\" content=\\\\\\"width=device-width,initial-scale=1.0,maximum-scale=1.0,user-scalable=no\\\\\\">\\\\n\\\\n    <title>imt application</title>\\\\n    <style type=\\\\\\"text/css\\\\\\">body{\\\\n  background:red;\\\\n}</style>\\\\n    <script>\\\\\\"use strict\\\\\\";\\\\n\\\\nconsole.log('inline');</script>\\\\n  </head>\\\\n  <body>\\\\n\\\\n</body></html>\\";"`;
